// Jest Snapshot v1, https://goo.gl/fbAQLP

exports[`returns proper shape 1`] = `
Object {
  "handleAddToCart": [Function],
  "isDisabled": false,
  "isInStock": true,
}
`;

exports[`testing handleAddToCart should dispatch event 1`] = `
Object {
  "payload": Object {
    "cartId": "1234",
    "product": Object {
      "__typename": "SimpleProduct",
      "name": "Strive Shoulder Pac",
      "quantity": 1,
      "sku": "97ahsf9",
      "stock_status": "IN_STOCK",
      "uid": "NDA=",
      "url_key": "simple_product.html",
    },
  },
  "type": "ADD_TO_CART",
}
`;
